
Memory Configuration

Name             Origin             Length             Attributes
*default*        0x00000000         0xffffffff

Linker script and memory map


.vects          0x00000000        0x4
 *(.vects)
 .vects         0x00000000        0x4 D:\MCU\H8S\Asembler H8S\HEW_workspace\Empty_1\Debug\main.o

.text           0x00000400        0x0
 *(.text)
 .text          0x00000400        0x0 D:\MCU\H8S\Asembler H8S\HEW_workspace\Empty_1\Debug\main.o
 *(.text.*)
                0x00000400                etext = .

.init
 *(.init)

.fini
 *(.fini)

.got
 *(.got)
 *(.got.plt)

.rodata         0x00000400        0x0
 *(.rodata)
 *(.rodata.*)
                0x00000400                _erodata = .

.eh_frame_hdr
 *(.eh_frame_hdr)

.eh_frame
 *(.eh_frame)

.jcr
 *(.jcr)

.tors           0x00000400        0x0
                0x00000400                __CTOR_LIST__ = .
                0x00000400                ___ctors = .
 *(.ctors)
                0x00000400                ___ctors_end = .
                0x00000400                __CTOR_END__ = .
                0x00000400                __DTOR_LIST__ = .
                0x00000400                ___dtors = .
 *(.dtors)
                0x00000400                ___dtors_end = .
                0x00000400                __DTOR_END__ = .
                0x00000400                _mdata = .

.data           0x00ff4000        0x0
                0x00ff4000                _data = .
 *(.data)
 .data          0x00ff4000        0x0 D:\MCU\H8S\Asembler H8S\HEW_workspace\Empty_1\Debug\main.o
 *(.data.*)
                0x00ff4000                _edata = .

.gcc_exc
 *(.gcc_exc)

.bss            0x00ff4000        0x0
                0x00ff4000                _bss = .
 *(.bss)
 .bss           0x00ff4000        0x0 D:\MCU\H8S\Asembler H8S\HEW_workspace\Empty_1\Debug\main.o
 *(.bss.*)
 *(COMMON)
                0x00ff4000                _ebss = .
                0x00ff4000                _end = .

.stack          0x00ffc000        0x0
                0x00ffc000                _stack = .
LOAD D:\MCU\H8S\Asembler H8S\HEW_workspace\Empty_1\Debug\main.o
START GROUP
LOAD c:\program files (x86)\renesas\hew\tools\kpit cummins\gnuh8-elf\v11.02\h8300-elf\h8300-elf\lib\h8300s\liboptc.a
LOAD c:\program files (x86)\renesas\hew\tools\kpit cummins\gnuh8-elf\v11.02\h8300-elf\h8300-elf\lib\h8300s\liboptm.a
LOAD c:\program files (x86)\renesas\hew\tools\kpit cummins\gnuh8-elf\v11.02\h8300-elf\lib\gcc\h8300-elf\4.5-GNUH8_v11.02\h8300s\libgcc.a
END GROUP
OUTPUT(D:\MCU\H8S\Asembler H8S\HEW_workspace\Empty_1\Debug\Empty_1.x elf32-h8300)


==============================================================

Listfile generated by KPIT GNUH8 [ELF]-v11.02 on Tuesday, March 14, 2023, 14:29:50

Build options:

-T "D:\MCU\H8S\Asembler H8S\HEW_workspace\Empty_1\Debug\Empty_1_Debug_auto.gsi"
-T "D:\MCU\H8S\Asembler H8S\HEW_workspace\Empty_1\Debug\Empty_1_input.tmp" 
-L "c:\program files (x86)\renesas\hew\tools\kpit cummins\gnuh8-elf\v11.02\h8300-elf\lib\gcc\h8300-elf\4.5-GNUH8_v11.02\h8300s"
-L "c:\program files (x86)\renesas\hew\tools\kpit cummins\gnuh8-elf\v11.02\h8300-elf\h8300-elf\lib\h8300s"
-Map "D:\MCU\H8S\Asembler H8S\HEW_workspace\Empty_1\Debug\Empty_1.map"
-( -l "optc" -l "optm" -l "gcc" -)
-o "D:\MCU\H8S\Asembler H8S\HEW_workspace\Empty_1\Debug\Empty_1.x"
-e _start
INPUT("D:\MCU\H8S\Asembler H8S\HEW_workspace\Empty_1\Debug\main.o")
