
Memory Configuration

Name             Origin             Length             Attributes
*default*        0x00000000         0xffffffff

Linker script and memory map


.vects          0x00000000        0x4
 *(.vects)
 .vects         0x00000000        0x4 C:\WorkSpace\KREJCI_A23B0401P\KREJCI_A23B0401P\Debug\main.o

.text           0x00000400      0x3cc
 *(.text)
 .text          0x00000400      0x3cc C:\WorkSpace\KREJCI_A23B0401P\KREJCI_A23B0401P\Debug\main.o
                0x00000400                start
 *(.text.*)
                0x000007cc                etext = .

.init
 *(.init)

.fini
 *(.fini)

.got
 *(.got)
 *(.got.plt)

.rodata         0x000007cc        0x0
 *(.rodata)
 *(.rodata.*)
                0x000007cc                _erodata = .

.eh_frame_hdr
 *(.eh_frame_hdr)

.eh_frame
 *(.eh_frame)

.jcr
 *(.jcr)

.tors           0x000007cc        0x0
                0x000007cc                __CTOR_LIST__ = .
                0x000007cc                ___ctors = .
 *(.ctors)
                0x000007cc                ___ctors_end = .
                0x000007cc                __CTOR_END__ = .
                0x000007cc                __DTOR_LIST__ = .
                0x000007cc                ___dtors = .
 *(.dtors)
                0x000007cc                ___dtors_end = .
                0x000007cc                __DTOR_END__ = .
                0x000007cc                _mdata = .

.data           0x00ff4000      0x1c8
                0x00ff4000                _data = .
 *(.data)
 .data          0x00ff4000      0x1c8 C:\WorkSpace\KREJCI_A23B0401P\KREJCI_A23B0401P\Debug\main.o
 *(.data.*)
                0x00ff41c8                _edata = .

.gcc_exc
 *(.gcc_exc)

.bss            0x00ff41c8        0x0
                0x00ff41c8                _bss = .
 *(.bss)
 .bss           0x00ff41c8        0x0 C:\WorkSpace\KREJCI_A23B0401P\KREJCI_A23B0401P\Debug\main.o
 *(.bss.*)
 *(COMMON)
                0x00ff41c8                _ebss = .
                0x00ff41c8                _end = .

.stack          0x00ffc000        0x0
                0x00ffc000                _stack = .
LOAD C:\WorkSpace\KREJCI_A23B0401P\KREJCI_A23B0401P\Debug\main.o
START GROUP
LOAD c:\program files (x86)\renesas\hew\tools\kpit cummins\gnuh8-elf\v11.02\h8300-elf\h8300-elf\lib\h8300s\liboptc.a
LOAD c:\program files (x86)\renesas\hew\tools\kpit cummins\gnuh8-elf\v11.02\h8300-elf\h8300-elf\lib\h8300s\liboptm.a
LOAD c:\program files (x86)\renesas\hew\tools\kpit cummins\gnuh8-elf\v11.02\h8300-elf\lib\gcc\h8300-elf\4.5-GNUH8_v11.02\h8300s\libgcc.a
END GROUP
OUTPUT(C:\WorkSpace\KREJCI_A23B0401P\KREJCI_A23B0401P\Debug\KREJCI_A23B0401P.x elf32-h8300)

.debug_line     0x00000000      0x199
 .debug_line    0x00000000      0x199 C:\WorkSpace\KREJCI_A23B0401P\KREJCI_A23B0401P\Debug\main.o

.debug_info     0x00000000       0x9e
 .debug_info    0x00000000       0x9e C:\WorkSpace\KREJCI_A23B0401P\KREJCI_A23B0401P\Debug\main.o

.debug_abbrev   0x00000000       0x14
 .debug_abbrev  0x00000000       0x14 C:\WorkSpace\KREJCI_A23B0401P\KREJCI_A23B0401P\Debug\main.o

.debug_aranges  0x00000000       0x20
 .debug_aranges
                0x00000000       0x20 C:\WorkSpace\KREJCI_A23B0401P\KREJCI_A23B0401P\Debug\main.o


==============================================================

Listfile generated by KPIT GNUH8 [ELF]-v11.02 on Friday, May 17, 2024, 11:28:12

Build options:

-T "C:\WorkSpace\KREJCI_A23B0401P\KREJCI_A23B0401P\Debug\KREJCI_A23B0401P_Debug_auto.gsi"
-T "C:\WorkSpace\KREJCI_A23B0401P\KREJCI_A23B0401P\Debug\KREJCI_A23B0401P_input.tmp" 
-L "c:\program files (x86)\renesas\hew\tools\kpit cummins\gnuh8-elf\v11.02\h8300-elf\lib\gcc\h8300-elf\4.5-GNUH8_v11.02\h8300s"
-L "c:\program files (x86)\renesas\hew\tools\kpit cummins\gnuh8-elf\v11.02\h8300-elf\h8300-elf\lib\h8300s"
-Map "C:\WorkSpace\KREJCI_A23B0401P\KREJCI_A23B0401P\Debug\KREJCI_A23B0401P.map"
-( -l "optc" -l "optm" -l "gcc" -)
-o "C:\WorkSpace\KREJCI_A23B0401P\KREJCI_A23B0401P\Debug\KREJCI_A23B0401P.x"
-e _start
INPUT("C:\WorkSpace\KREJCI_A23B0401P\KREJCI_A23B0401P\Debug\main.o")
